../Core/Src/quadspi.c:85:6:HAL_QSPI_MspInit	64	static
../Core/Src/quadspi.c:144:6:HAL_QSPI_MspDeInit	8	static
../Core/Src/quadspi.c:179:6:QSPI_WriteEnable	88	static
../Core/Src/quadspi.c:217:6:QSPI_AutoPollingMemReady	88	static
../Core/Src/quadspi.c:37:6:MX_QUADSPI_Init	8	static
../Core/Src/quadspi.c:246:6:QSPI_DummyCyclesCfg	72	static,ignoring_inline_asm
../Core/Src/quadspi.c:291:6:QSPI_WriteData	16	static
../Core/Src/quadspi.c:313:6:QSPI_ReadData	16	static
../Core/Src/quadspi.c:332:6:QSPI_WriteImage	16	static
../Core/Src/quadspi.c:369:6:QSPI_Read_Image	16	static
