../Drivers/CMSIS/Include/core_cm7.h:2229:22:SCB_EnableICache	4	static,ignoring_inline_asm
../Drivers/CMSIS/Include/core_cm7.h:2281:22:SCB_EnableDCache	24	static,ignoring_inline_asm
../Drivers/CMSIS/Include/core_cm7.h:2427:22:SCB_CleanInvalidateDCache	24	static,ignoring_inline_asm
../Core/Src/main.c:71:5:__io_putchar	16	static
../Core/Src/main.c:77:6:CPU_CACHE_Enable	8	static
../Core/Src/main.c:85:6:my_flush_cb	40	static
../Core/Src/main.c:109:5:main	8	static
../Core/Src/main.c:196:6:SystemClock_Config	88	static
../Core/Src/main.c:239:13:MPU_Config	24	static
../Core/Src/main.c:304:6:Error_Handler	4	static,ignoring_inline_asm
