../Drivers/CMSIS/Include/core_cm7.h:2229:22:SCB_EnableICache	4	static,ignoring_inline_asm
../Drivers/CMSIS/Include/core_cm7.h:2281:22:SCB_EnableDCache	24	static,ignoring_inline_asm
../Core/Src/lvgl/src/lv_api_map_v8.h:75:51:lv_task_handler	8	static
../Core/Src/main.c:72:5:__io_putchar	16	static
../Core/Src/main.c:78:6:CPU_CACHE_Enable	8	static
../Core/Src/main.c:84:6:my_flush_cb	40	static
../Core/Src/main.c:111:5:main	96	static
../Core/Src/main.c:196:6:SystemClock_Config	88	static
../Core/Src/main.c:246:13:MPU_Config	24	static
../Core/Src/main.c:311:6:Error_Handler	4	static,ignoring_inline_asm
