../display_lib/display.c:53:6:my_flush_cb	32	static
../display_lib/display.c:456:6:display_toggleWindowBox	8	static
../display_lib/display.c:403:6:update_chart	24	static
../display_lib/display.c:36:6:HAL_GPIO_EXTI_Callback	0	static
../display_lib/display.c:88:6:display_buttonsWindow	64	static
../display_lib/display.c:159:6:display_bottomBarWindow	32	static
../display_lib/display.c:228:6:display_setAxis	56	static
../display_lib/display.c:186:6:display_chartWindow	40	static
../display_lib/display.c:420:6:display_createMathWindowBox	32	static
../display_lib/display.c:67:6:display_init	32	static
../display_lib/display.c:448:6:display_updateMathWindowBox	24	static
